============================= test session starts =============================
platform win32 -- Python 3.9.6, pytest-8.4.2, pluggy-1.6.0 -- C:\Program Files\Python39\python.exe
cachedir: .pytest_cache
rootdir: C:\Users\amfua\Documents\GitHub\kid_apps\little-learners-hub\backend
configfile: pyproject.toml
plugins: anyio-4.11.0, langsmith-0.4.37, asyncio-1.2.0
asyncio: mode=strict, debug=False, asyncio_default_fixture_loop_scope=None, asyncio_default_test_loop_scope=function
collecting ... collected 8 items

backend\tests\test_database.py::TestPasswordOperations::test_password_hash_creates_different_hashes PASSED [ 12%]
backend\tests\test_database.py::TestPasswordOperations::test_verify_password_correct PASSED [ 25%]
backend\tests\test_database.py::TestUserOperations::test_create_and_get_user FAILED [ 37%]
backend\tests\test_database.py::TestUserOperations::test_get_user_by_email_nonexistent FAILED [ 50%]
backend\tests\test_database.py::TestMaterialOperations::test_create_and_get_material FAILED [ 62%]
backend\tests\test_database.py::TestMaterialOperations::test_get_materials_filters FAILED [ 75%]
backend\tests\test_database.py::TestMaterialOperations::test_increment_downloads FAILED [ 87%]
backend\tests\test_database.py::TestStatsOperations::test_get_stats FAILED [100%]

================================== FAILURES ===================================
_________________ TestUserOperations.test_create_and_get_user _________________

self = <backend.tests.test_database.TestUserOperations object at 0x00000235F8DB3C10>
db_session = <async_generator object db_session at 0x00000235F8DADA60>

    async def test_create_and_get_user(self, db_session):
        """Should create and retrieve user"""
>       user = await create_user(
            db_session,
            email="test@example.com",
            password="password",
            name="Test User",
            role=UserRole.parent
        )

backend\tests\test_database.py:47: 
_ _ _ _ _ _ _ _ _ _ _ _ _ _ _ _ _ _ _ _ _ _ _ _ _ _ _ _ _ _ _ _ _ _ _ _ _ _ _ _

db = <async_generator object db_session at 0x00000235F8DADA60>
email = 'test@example.com', password = 'password', name = 'Test User'
role = <UserRole.parent: 'parent'>

    async def create_user(
        db: AsyncSession, email: str, password: str, name: str, role: UserRole
    ) -> User:
        # Generate ID (UUID would be better, but staying simple for now or letting DB handle if auto-increment,
        # but our model defined String ID. I'll generate a UUID here or simple generic ID if seeding)
        import uuid
        user_id = str(uuid.uuid4())
    
        hashed_password = get_password_hash(password)
    
        db_user = User(
            id=user_id,
            email=email,
            name=name,
            role=role.value,
            avatar="\U0001f468\u200d\U0001f469\u200d\U0001f467" if role == UserRole.parent else "\U0001f468\u200d\U0001f3eb",
            hashed_password=hashed_password,
            created_at=datetime.utcnow(),
        )
    
>       db.add(db_user)
E       AttributeError: 'async_generator' object has no attribute 'add'

backend\database.py:53: AttributeError
____________ TestUserOperations.test_get_user_by_email_nonexistent ____________

self = <backend.tests.test_database.TestUserOperations object at 0x00000235F8DB3E80>
db_session = <async_generator object db_session at 0x00000235F8E9CD30>

    async def test_get_user_by_email_nonexistent(self, db_session):
        """Should return None for non-existent email"""
>       user = await get_user_by_email(db_session, "nonexistent@example.com")

backend\tests\test_database.py:64: 
_ _ _ _ _ _ _ _ _ _ _ _ _ _ _ _ _ _ _ _ _ _ _ _ _ _ _ _ _ _ _ _ _ _ _ _ _ _ _ _

db = <async_generator object db_session at 0x00000235F8E9CD30>
email = 'nonexistent@example.com'

    async def get_user_by_email(db: AsyncSession, email: str) -> Optional[User]:
>       result = await db.execute(select(User).where(User.email == email))
E       AttributeError: 'async_generator' object has no attribute 'execute'

backend\database.py:25: AttributeError
_____________ TestMaterialOperations.test_create_and_get_material _____________

self = <backend.tests.test_database.TestMaterialOperations object at 0x00000235F8DCA190>
db_session = <async_generator object db_session at 0x00000235F8DADCA0>

    async def test_create_and_get_material(self, db_session):
        """Should create and retrieve material"""
        # Need a user first because of ForeignKey
>       user = await create_user(db_session, "auth@test.com", "pass", "Author", UserRole.educator)

backend\tests\test_database.py:74: 
_ _ _ _ _ _ _ _ _ _ _ _ _ _ _ _ _ _ _ _ _ _ _ _ _ _ _ _ _ _ _ _ _ _ _ _ _ _ _ _

db = <async_generator object db_session at 0x00000235F8DADCA0>
email = 'auth@test.com', password = 'pass', name = 'Author'
role = <UserRole.educator: 'educator'>

    async def create_user(
        db: AsyncSession, email: str, password: str, name: str, role: UserRole
    ) -> User:
        # Generate ID (UUID would be better, but staying simple for now or letting DB handle if auto-increment,
        # but our model defined String ID. I'll generate a UUID here or simple generic ID if seeding)
        import uuid
        user_id = str(uuid.uuid4())
    
        hashed_password = get_password_hash(password)
    
        db_user = User(
            id=user_id,
            email=email,
            name=name,
            role=role.value,
            avatar="\U0001f468\u200d\U0001f469\u200d\U0001f467" if role == UserRole.parent else "\U0001f468\u200d\U0001f3eb",
            hashed_password=hashed_password,
            created_at=datetime.utcnow(),
        )
    
>       db.add(db_user)
E       AttributeError: 'async_generator' object has no attribute 'add'

backend\database.py:53: AttributeError
______________ TestMaterialOperations.test_get_materials_filters ______________

self = <backend.tests.test_database.TestMaterialOperations object at 0x00000235F8DCA400>
db_session = <async_generator object db_session at 0x00000235F8DADB80>

    async def test_get_materials_filters(self, db_session):
        """Should filter materials"""
>       user = await create_user(db_session, "auth2@test.com", "pass", "Author", UserRole.educator)

backend\tests\test_database.py:94: 
_ _ _ _ _ _ _ _ _ _ _ _ _ _ _ _ _ _ _ _ _ _ _ _ _ _ _ _ _ _ _ _ _ _ _ _ _ _ _ _

db = <async_generator object db_session at 0x00000235F8DADB80>
email = 'auth2@test.com', password = 'pass', name = 'Author'
role = <UserRole.educator: 'educator'>

    async def create_user(
        db: AsyncSession, email: str, password: str, name: str, role: UserRole
    ) -> User:
        # Generate ID (UUID would be better, but staying simple for now or letting DB handle if auto-increment,
        # but our model defined String ID. I'll generate a UUID here or simple generic ID if seeding)
        import uuid
        user_id = str(uuid.uuid4())
    
        hashed_password = get_password_hash(password)
    
        db_user = User(
            id=user_id,
            email=email,
            name=name,
            role=role.value,
            avatar="\U0001f468\u200d\U0001f469\u200d\U0001f467" if role == UserRole.parent else "\U0001f468\u200d\U0001f3eb",
            hashed_password=hashed_password,
            created_at=datetime.utcnow(),
        )
    
>       db.add(db_user)
E       AttributeError: 'async_generator' object has no attribute 'add'

backend\database.py:53: AttributeError
_______________ TestMaterialOperations.test_increment_downloads _______________

self = <backend.tests.test_database.TestMaterialOperations object at 0x00000235F8DCA670>
db_session = <async_generator object db_session at 0x00000235F8EB4280>

    async def test_increment_downloads(self, db_session):
        """Should increment download count"""
>       user = await create_user(db_session, "auth3@test.com", "pass", "Author", UserRole.educator)

backend\tests\test_database.py:117: 
_ _ _ _ _ _ _ _ _ _ _ _ _ _ _ _ _ _ _ _ _ _ _ _ _ _ _ _ _ _ _ _ _ _ _ _ _ _ _ _

db = <async_generator object db_session at 0x00000235F8EB4280>
email = 'auth3@test.com', password = 'pass', name = 'Author'
role = <UserRole.educator: 'educator'>

    async def create_user(
        db: AsyncSession, email: str, password: str, name: str, role: UserRole
    ) -> User:
        # Generate ID (UUID would be better, but staying simple for now or letting DB handle if auto-increment,
        # but our model defined String ID. I'll generate a UUID here or simple generic ID if seeding)
        import uuid
        user_id = str(uuid.uuid4())
    
        hashed_password = get_password_hash(password)
    
        db_user = User(
            id=user_id,
            email=email,
            name=name,
            role=role.value,
            avatar="\U0001f468\u200d\U0001f469\u200d\U0001f467" if role == UserRole.parent else "\U0001f468\u200d\U0001f3eb",
            hashed_password=hashed_password,
            created_at=datetime.utcnow(),
        )
    
>       db.add(db_user)
E       AttributeError: 'async_generator' object has no attribute 'add'

backend\database.py:53: AttributeError
_____________________ TestStatsOperations.test_get_stats ______________________

self = <backend.tests.test_database.TestStatsOperations object at 0x00000235F8DCA9A0>
db_session = <async_generator object db_session at 0x00000235F8EB4670>

    async def test_get_stats(self, db_session):
        """Should calculate stats"""
        # Create 2 users
>       u1 = await create_user(db_session, "u1@t.com", "p", "U1", UserRole.parent)

backend\tests\test_database.py:136: 
_ _ _ _ _ _ _ _ _ _ _ _ _ _ _ _ _ _ _ _ _ _ _ _ _ _ _ _ _ _ _ _ _ _ _ _ _ _ _ _

db = <async_generator object db_session at 0x00000235F8EB4670>
email = 'u1@t.com', password = 'p', name = 'U1'
role = <UserRole.parent: 'parent'>

    async def create_user(
        db: AsyncSession, email: str, password: str, name: str, role: UserRole
    ) -> User:
        # Generate ID (UUID would be better, but staying simple for now or letting DB handle if auto-increment,
        # but our model defined String ID. I'll generate a UUID here or simple generic ID if seeding)
        import uuid
        user_id = str(uuid.uuid4())
    
        hashed_password = get_password_hash(password)
    
        db_user = User(
            id=user_id,
            email=email,
            name=name,
            role=role.value,
            avatar="\U0001f468\u200d\U0001f469\u200d\U0001f467" if role == UserRole.parent else "\U0001f468\u200d\U0001f3eb",
            hashed_password=hashed_password,
            created_at=datetime.utcnow(),
        )
    
>       db.add(db_user)
E       AttributeError: 'async_generator' object has no attribute 'add'

backend\database.py:53: AttributeError
=========================== short test summary info ===========================
FAILED backend\tests\test_database.py::TestUserOperations::test_create_and_get_user
FAILED backend\tests\test_database.py::TestUserOperations::test_get_user_by_email_nonexistent
FAILED backend\tests\test_database.py::TestMaterialOperations::test_create_and_get_material
FAILED backend\tests\test_database.py::TestMaterialOperations::test_get_materials_filters
FAILED backend\tests\test_database.py::TestMaterialOperations::test_increment_downloads
FAILED backend\tests\test_database.py::TestStatsOperations::test_get_stats - ...
========================= 6 failed, 2 passed in 2.48s =========================
